[guard] L = 442720643463713815200  (assert OK)
[guard] L_c = 63245806209101973600
[guard] gcd(L_c mod 49, 49) = 1  (assert OK)
[guard] lifts = ceil(B^12 / L_c) = 4  (assert OK, target ~4)
[guard] fixed prefix digit count = 26 (24 + 2 = 26, assert OK)
[guard] digit count: 26 fixed + 1 candidate + 19 free + 1 suffix = 47  (assert OK)

=== Guard-rail summary ===
B=49, |D|=47, L=442720643463713815200
L_nil=7, L_c=63245806209101973600
P=12, lifts=4
===========================

[sieve] SIEVE_LEVEL=0 (bit0=root bit1=every-node bit2=depth3-joint)
[certbb] base=63 dropsArg=9,18,27,28,36,45,54 rssBudgetKB=3000000 capSeconds=5400 resume=on (CERTBB_CAP_S=(unset) CERTBB_RESUME=(unset) CERTBB_SHARD=(unset) CERTBB_MANIFEST=(unset))
[setup] base=63 P_full=15 CERTPOS_default=20 CERTPOS_validrange=[20,24]
[setup] base=63 P_full=15 CERTPOS_default=20 CERTPOS_validrange=[20,24]
[setup] sizeof(BucketRecordGen)=32 sizeof(BucketRecordFM)=48
[certset/bb] base=63 W_terminal=22 (CERTSET_W env, default 22; validated range [20,24])
[certbb] base=63 |D|=55 dropped=7 W_terminal=22 capSeconds=5400 resume=on shard=off
[certbb] resume: loaded baseline certbb_63_manifest.jsonl: 3767 lines -> 1246 proven-REFUTED (skip), 32 proven-FOUND (skip+seed), 24 unfinished (will re-run)
[certbb] base=63 manifest: certbb_63_manifest.jsonl (append)
[certbb] base=63 resume-seeded incumbent from manifest: 919638671548642431083440200815272686323739054438990208528434484026726330816976573347252565881592800
[bucket-plan] B=63 a=20 NY=4 K=3 Y=116280 Q=250047 projectedPeak=0.01GiB availableForIndex=2.61GiB
[bucket-plan] decision=ADMIT
[bucket-plan] B=63 a=20 NY=4 K=3 Y=116280 Q=250047 projectedPeak=0.01GiB availableForIndex=2.60GiB
[bucket-plan] decision=ADMIT
[bucket-plan] B=63 a=20 NY=4 K=3 Y=116280 Q=250047 projectedPeak=0.01GiB availableForIndex=2.60GiB
[bucket-plan] decision=ADMIT
[bucket-plan] B=63 a=20 NY=4 K=3 Y=116280 Q=250047 projectedPeak=0.01GiB availableForIndex=2.60GiB
[bucket-plan] decision=ADMIT
[bucket-plan] B=63 a=20 NY=4 K=3 Y=116280 Q=250047 projectedPeak=0.01GiB availableForIndex=2.60GiB
[bucket-plan] decision=ADMIT
[bucket-plan] B=63 a=20 NY=4 K=3 Y=116280 Q=250047 projectedPeak=0.01GiB availableForIndex=2.60GiB
[bucket-plan] decision=ADMIT
[bucket-plan] B=63 a=20 NY=4 K=3 Y=116280 Q=250047 projectedPeak=0.01GiB availableForIndex=2.60GiB
[bucket-plan] decision=ADMIT
[bucket-plan] B=63 a=20 NY=4 K=3 Y=116280 Q=250047 projectedPeak=0.01GiB availableForIndex=2.60GiB
[bucket-plan] decision=ADMIT
[bucket-plan] B=63 a=20 NY=4 K=3 Y=116280 Q=250047 projectedPeak=0.01GiB availableForIndex=2.60GiB
[bucket-plan] decision=ADMIT
[bucket-plan] B=63 a=20 NY=4 K=3 Y=116280 Q=250047 projectedPeak=0.01GiB availableForIndex=2.60GiB
[bucket-plan] decision=ADMIT
[bucket-plan] B=63 a=20 NY=4 K=3 Y=116280 Q=250047 projectedPeak=0.01GiB availableForIndex=2.60GiB
[bucket-plan] decision=ADMIT
[bucket-plan] B=63 a=20 NY=4 K=3 Y=116280 Q=250047 projectedPeak=0.01GiB availableForIndex=2.60GiB
[bucket-plan] decision=ADMIT
[bucket-plan] B=63 a=20 NY=4 K=3 Y=116280 Q=250047 projectedPeak=0.01GiB availableForIndex=2.60GiB
[bucket-plan] decision=ADMIT
[bucket-plan] B=63 a=20 NY=4 K=3 Y=116280 Q=250047 projectedPeak=0.01GiB availableForIndex=2.60GiB
[bucket-plan] decision=ADMIT
[bucket-plan] B=63 a=20 NY=4 K=3 Y=116280 Q=250047 projectedPeak=0.01GiB availableForIndex=2.60GiB
[bucket-plan] decision=ADMIT
[bucket-plan] B=63 a=20 NY=4 K=3 Y=116280 Q=250047 projectedPeak=0.01GiB availableForIndex=2.60GiB
[bucket-plan] decision=ADMIT
[bucket-plan] B=63 a=20 NY=4 K=3 Y=116280 Q=250047 projectedPeak=0.01GiB availableForIndex=2.60GiB
[bucket-plan] decision=ADMIT
[bucket-plan] B=63 a=20 NY=4 K=3 Y=116280 Q=250047 projectedPeak=0.01GiB availableForIndex=2.60GiB
[bucket-plan] decision=ADMIT
[bucket-plan] B=63 a=20 NY=4 K=3 Y=116280 Q=250047 projectedPeak=0.01GiB availableForIndex=2.60GiB
[bucket-plan] decision=ADMIT
[bucket-plan] B=63 a=20 NY=4 K=3 Y=116280 Q=250047 projectedPeak=0.01GiB availableForIndex=2.60GiB
[bucket-plan] decision=ADMIT
[bucket-plan] B=63 a=20 NY=4 K=3 Y=116280 Q=250047 projectedPeak=0.01GiB availableForIndex=2.60GiB
[bucket-plan] decision=ADMIT
[bucket-plan] B=63 a=20 NY=4 K=3 Y=116280 Q=250047 projectedPeak=0.01GiB availableForIndex=2.60GiB
[bucket-plan] decision=ADMIT
[bucket-plan] B=63 a=20 NY=4 K=3 Y=116280 Q=250047 projectedPeak=0.01GiB availableForIndex=2.60GiB
[bucket-plan] decision=ADMIT
[bucket-plan] B=63 a=20 NY=4 K=3 Y=116280 Q=250047 projectedPeak=0.01GiB availableForIndex=2.60GiB
[bucket-plan] decision=ADMIT
[bucket-plan] B=63 a=20 NY=4 K=3 Y=116280 Q=250047 projectedPeak=0.01GiB availableForIndex=2.60GiB
[bucket-plan] decision=ADMIT
[bucket-plan] B=63 a=20 NY=4 K=3 Y=116280 Q=250047 projectedPeak=0.01GiB availableForIndex=2.60GiB
[bucket-plan] decision=ADMIT
[bucket-plan] B=63 a=20 NY=4 K=3 Y=116280 Q=250047 projectedPeak=0.01GiB availableForIndex=2.60GiB
[bucket-plan] decision=ADMIT
[bucket-plan] B=63 a=20 NY=4 K=3 Y=116280 Q=250047 projectedPeak=0.01GiB availableForIndex=2.60GiB
[bucket-plan] decision=ADMIT
[bucket-plan] B=63 a=20 NY=4 K=3 Y=116280 Q=250047 projectedPeak=0.01GiB availableForIndex=2.60GiB
[bucket-plan] decision=ADMIT
[bucket-plan] B=63 a=20 NY=4 K=3 Y=116280 Q=250047 projectedPeak=0.01GiB availableForIndex=2.60GiB
[bucket-plan] decision=ADMIT
[bucket-plan] B=63 a=20 NY=4 K=3 Y=116280 Q=250047 projectedPeak=0.01GiB availableForIndex=2.60GiB
[bucket-plan] decision=ADMIT
[bucket-plan] B=63 a=20 NY=4 K=3 Y=116280 Q=250047 projectedPeak=0.01GiB availableForIndex=2.60GiB
[bucket-plan] decision=ADMIT
[bucket-plan] B=63 a=20 NY=4 K=3 Y=116280 Q=250047 projectedPeak=0.01GiB availableForIndex=2.60GiB
[bucket-plan] decision=ADMIT
[bucket-plan] B=63 a=20 NY=4 K=3 Y=116280 Q=250047 projectedPeak=0.01GiB availableForIndex=2.60GiB
[bucket-plan] decision=ADMIT
[bucket-plan] B=63 a=20 NY=4 K=3 Y=116280 Q=250047 projectedPeak=0.01GiB availableForIndex=2.60GiB
[bucket-plan] decision=ADMIT
[bucket-plan] B=63 a=20 NY=4 K=3 Y=116280 Q=250047 projectedPeak=0.01GiB availableForIndex=2.60GiB
[bucket-plan] decision=ADMIT
[bucket-plan] B=63 a=20 NY=4 K=3 Y=116280 Q=250047 projectedPeak=0.01GiB availableForIndex=2.60GiB
[bucket-plan] decision=ADMIT
[bucket-plan] B=63 a=20 NY=4 K=3 Y=116280 Q=250047 projectedPeak=0.01GiB availableForIndex=2.60GiB
[bucket-plan] decision=ADMIT
[bucket-plan] B=63 a=20 NY=4 K=3 Y=116280 Q=250047 projectedPeak=0.01GiB availableForIndex=2.60GiB
[bucket-plan] decision=ADMIT
[bucket-plan] B=63 a=20 NY=4 K=3 Y=116280 Q=250047 projectedPeak=0.01GiB availableForIndex=2.60GiB
[bucket-plan] decision=ADMIT
[bucket-plan] B=63 a=20 NY=4 K=3 Y=116280 Q=250047 projectedPeak=0.01GiB availableForIndex=2.60GiB
[bucket-plan] decision=ADMIT
[bucket-plan] B=63 a=20 NY=4 K=3 Y=116280 Q=250047 projectedPeak=0.01GiB availableForIndex=2.60GiB
[bucket-plan] decision=ADMIT
[bucket-plan] B=63 a=20 NY=4 K=3 Y=116280 Q=250047 projectedPeak=0.01GiB availableForIndex=2.60GiB
[bucket-plan] decision=ADMIT
[bucket-plan] B=63 a=20 NY=4 K=3 Y=116280 Q=250047 projectedPeak=0.01GiB availableForIndex=2.60GiB
[bucket-plan] decision=ADMIT
[bucket-plan] B=63 a=20 NY=4 K=3 Y=116280 Q=250047 projectedPeak=0.01GiB availableForIndex=2.60GiB
[bucket-plan] decision=ADMIT
[bucket-plan] B=63 a=20 NY=4 K=3 Y=116280 Q=250047 projectedPeak=0.01GiB availableForIndex=2.60GiB
[bucket-plan] decision=ADMIT
[bucket-plan] B=63 a=20 NY=4 K=3 Y=116280 Q=250047 projectedPeak=0.01GiB availableForIndex=2.60GiB
[bucket-plan] decision=ADMIT
[bucket-plan] B=63 a=20 NY=4 K=3 Y=116280 Q=250047 projectedPeak=0.01GiB availableForIndex=2.60GiB
[bucket-plan] decision=ADMIT
[bucket-plan] B=63 a=20 NY=4 K=3 Y=116280 Q=250047 projectedPeak=0.01GiB availableForIndex=2.60GiB
[bucket-plan] decision=ADMIT
[bucket-plan] B=63 a=20 NY=4 K=3 Y=116280 Q=250047 projectedPeak=0.01GiB availableForIndex=2.60GiB
[bucket-plan] decision=ADMIT
[bucket-plan] B=63 a=20 NY=4 K=3 Y=116280 Q=250047 projectedPeak=0.01GiB availableForIndex=2.60GiB
[bucket-plan] decision=ADMIT
[bucket-plan] B=63 a=20 NY=4 K=3 Y=116280 Q=250047 projectedPeak=0.01GiB availableForIndex=2.60GiB
[bucket-plan] decision=ADMIT
[bucket-plan] B=63 a=20 NY=4 K=3 Y=116280 Q=250047 projectedPeak=0.01GiB availableForIndex=2.60GiB
[bucket-plan] decision=ADMIT
[bucket-plan] B=63 a=20 NY=4 K=3 Y=116280 Q=250047 projectedPeak=0.01GiB availableForIndex=2.60GiB
[bucket-plan] decision=ADMIT
[bucket-plan] B=63 a=20 NY=4 K=3 Y=116280 Q=250047 projectedPeak=0.01GiB availableForIndex=2.60GiB
[bucket-plan] decision=ADMIT
[bucket-plan] B=63 a=20 NY=4 K=3 Y=116280 Q=250047 projectedPeak=0.01GiB availableForIndex=2.60GiB
[bucket-plan] decision=ADMIT
[bucket-plan] B=63 a=20 NY=4 K=3 Y=116280 Q=250047 projectedPeak=0.01GiB availableForIndex=2.60GiB
[bucket-plan] decision=ADMIT
[bucket-plan] B=63 a=20 NY=4 K=3 Y=116280 Q=250047 projectedPeak=0.01GiB availableForIndex=2.60GiB
[bucket-plan] decision=ADMIT
[bucket-plan] B=63 a=20 NY=4 K=3 Y=116280 Q=250047 projectedPeak=0.01GiB availableForIndex=2.60GiB
[bucket-plan] decision=ADMIT
[bucket-plan] B=63 a=20 NY=4 K=3 Y=116280 Q=250047 projectedPeak=0.01GiB availableForIndex=2.60GiB
[bucket-plan] decision=ADMIT
[bucket-plan] B=63 a=20 NY=4 K=3 Y=116280 Q=250047 projectedPeak=0.01GiB availableForIndex=2.60GiB
[bucket-plan] decision=ADMIT
[bucket-plan] B=63 a=20 NY=4 K=3 Y=116280 Q=250047 projectedPeak=0.01GiB availableForIndex=2.60GiB
[bucket-plan] decision=ADMIT
[bucket-plan] B=63 a=20 NY=4 K=3 Y=116280 Q=250047 projectedPeak=0.01GiB availableForIndex=2.60GiB
[bucket-plan] decision=ADMIT
[certbb] base=63 discovery seed: no immediate completion at the heuristic prefix (disposition=REFUTED) -- DFS proceeds unseeded (this is NOT a refutation)
[certbb] base=63 DFS DONE: nodesVisited=117 found=0 refuted=0 pruned=32 unfinished(declined)=0 resume-skipped(refuted=81 found=1) terminalCounterMax=-1 wall=136.073s
[certbb] base=63 incumbent (99 decimal digits): 919638671548642431083440200815272686323739054438990208528434484026726330816976573347252565881592800
[certbb] base=63 UNION manifest summary (loaded+new, 3767 lines): refuted=1246 found=32 unfinished=24 (1302 distinct branches)
[certbb] base=63 CERTIFIED (zero unfinished branches)
