[guard] L = 442720643463713815200  (assert OK)
[guard] L_c = 63245806209101973600
[guard] gcd(L_c mod 49, 49) = 1  (assert OK)
[guard] lifts = ceil(B^12 / L_c) = 4  (assert OK, target ~4)
[guard] fixed prefix digit count = 26 (24 + 2 = 26, assert OK)
[guard] digit count: 26 fixed + 1 candidate + 19 free + 1 suffix = 47  (assert OK)

=== Guard-rail summary ===
B=49, |D|=47, L=442720643463713815200
L_nil=7, L_c=63245806209101973600
P=12, lifts=4
===========================

[sieve] SIEVE_LEVEL=0 (bit0=root bit1=every-node bit2=depth3-joint)
[certauto] base=54 rssBudgetKB=3000000 expected=(none)
[certauto] base=54, n=53, autonomous subset+divergence+PLAN discovery starting (subsetdisc: solve_base-style descending-lex enumeration; planner: BASE-50-FULL-MODULUS-BUCKET.md Sec 9 Phase B)
[selftest-suffixdp] doc#23-Sec3.2-b50-cand21: DP=11552 brute=11552 expect=11552 -> OK
[selftest-suffixdp] b48-shape-T3-Lnil216: DP=0 brute=0 -> OK
[selftest-suffixdp] b49-shape-T1-Lnil7: DP=1 brute=1 -> OK
[selftest-suffixdp] misc-T2: DP=0 brute=0 -> OK
[bucket-plan] B=54 T=5 Pc=12 lifts=4 P_full=14 suffixMult=7956 budget=3000000KB
[bucket-plan] admit peeled NX=0 NY=4 K=2: Y=43680 Q=2916 suffixMult=7956 projectedPeak=0.00GiB lookups=960 scans=1.438e+04 score=1.267e+09
[bucket-plan] admit peeled NX=0 NY=4 K=3: Y=43680 Q=157464 suffixMult=7956 projectedPeak=0.01GiB lookups=1.344e+04 scans=3728 score=2.104e+09
[bucket-plan] admit peeled NX=0 NY=4 K=4: Y=43680 Q=8503056 suffixMult=7956 projectedPeak=0.10GiB lookups=1.747e+05 scans=897.5 score=2.969e+10
[bucket-plan] admit peeled NX=1 NY=3 K=2: Y=3360 Q=2916 suffixMult=7956 projectedPeak=0.00GiB lookups=1.344e+04 scans=1.549e+04 score=9.135e+08
[bucket-plan] admit peeled NX=1 NY=3 K=3: Y=3360 Q=157464 suffixMult=7956 projectedPeak=0.00GiB lookups=1.747e+05 scans=3728 score=8.841e+09
[bucket-plan] admit peeled NX=1 NY=3 K=4: Y=3360 Q=8503056 suffixMult=7956 projectedPeak=0.10GiB lookups=2.097e+06 scans=828.5 score=1.205e+11
[bucket-plan] admit peeled NX=2 NY=2 K=2: Y=240 Q=2916 suffixMult=7956 projectedPeak=0.00GiB lookups=1.747e+05 scans=1.438e+04 score=8.525e+09
[bucket-plan] admit peeled NX=2 NY=2 K=3: Y=240 Q=157464 suffixMult=7956 projectedPeak=0.00GiB lookups=2.097e+06 scans=3196 score=1.005e+11
[bucket-plan] admit peeled NX=2 NY=2 K=4: Y=240 Q=8503056 suffixMult=7956 projectedPeak=0.10GiB lookups=2.306e+07 scans=651 score=1.121e+12
[bucket-plan] admit peeled NX=3 NY=1 K=2: Y=16 Q=2916 suffixMult=7956 projectedPeak=0.00GiB lookups=2.097e+06 scans=1.15e+04 score=1.002e+11
[bucket-plan] admit peeled NX=3 NY=1 K=3: Y=16 Q=157464 suffixMult=7956 projectedPeak=0.00GiB lookups=2.306e+07 scans=2343 score=1.101e+12
[bucket-plan] admit peeled NX=3 NY=1 K=4: Y=16 Q=8503056 suffixMult=7956 projectedPeak=0.10GiB lookups=2.306e+08 scans=434 score=1.103e+13
[bucket-plan] reject full-modulus NX=0 NY=7 K=2: Y=586051200 Q=2916 reason=insufficient_budget
[bucket-plan] reject full-modulus NX=0 NY=7 K=3: Y=586051200 Q=157464 reason=insufficient_budget
[bucket-plan] reject full-modulus NX=0 NY=7 K=4: Y=586051200 Q=8503056 reason=insufficient_budget
[bucket-plan] reject full-modulus NX=1 NY=6 K=2: Y=39070080 Q=2916 reason=insufficient_budget
[bucket-plan] reject full-modulus NX=1 NY=6 K=3: Y=39070080 Q=157464 reason=insufficient_budget
[bucket-plan] reject full-modulus NX=1 NY=6 K=4: Y=39070080 Q=8503056 reason=insufficient_budget
[bucket-plan] admit full-modulus NX=2 NY=5 K=2: Y=2441880 Q=2916 projectedPeak=0.21GiB lookups=4.884e+06 scans=4.09e+09 score=6.171e+09
[bucket-plan] admit full-modulus NX=2 NY=5 K=3: Y=2441880 Q=157464 projectedPeak=0.22GiB lookups=8.302e+07 scans=1.287e+09 score=2.437e+09
[bucket-plan] admit full-modulus NX=2 NY=5 K=4: Y=2441880 Q=8503056 projectedPeak=0.31GiB lookups=1.328e+09 scans=3.815e+08 score=8.552e+09
[bucket-plan] admit full-modulus NX=3 NY=4 K=2: Y=143640 Q=2916 projectedPeak=0.01GiB lookups=8.302e+07 scans=4.09e+09 score=6.633e+09
[bucket-plan] admit full-modulus NX=3 NY=4 K=3: Y=143640 Q=157464 projectedPeak=0.01GiB lookups=1.328e+09 scans=1.212e+09 score=9.788e+09
[bucket-plan] admit full-modulus NX=3 NY=4 K=4: Y=143640 Q=8503056 projectedPeak=0.11GiB lookups=1.993e+10 scans=3.366e+08 score=1.201e+11
[bucket-plan] admit full-modulus NX=4 NY=3 K=2: Y=7980 Q=2916 projectedPeak=0.00GiB lookups=1.328e+09 scans=3.635e+09 score=1.342e+10
[bucket-plan] admit full-modulus NX=4 NY=3 K=3: Y=7980 Q=157464 projectedPeak=0.00GiB lookups=1.993e+10 scans=1.01e+09 score=1.211e+11
[bucket-plan] admit full-modulus NX=4 NY=3 K=4: Y=7980 Q=8503056 projectedPeak=0.10GiB lookups=2.79e+11 scans=2.618e+08 score=1.674e+12
[bucket-plan] admit full-modulus NX=5 NY=2 K=2: Y=420 Q=2916 projectedPeak=0.00GiB lookups=1.993e+10 scans=2.87e+09 score=1.239e+11
[bucket-plan] admit full-modulus NX=5 NY=2 K=3: Y=420 Q=157464 projectedPeak=0.00GiB lookups=2.79e+11 scans=7.441e+08 score=1.675e+12
[... 1030774 lines total, ADMIT-trace bulk trimmed — full log was 61MB ...]
[bucket-plan] decision=ADMIT
[bucket-plan] B=54 a=16 NY=3 K=2 Y=3360 Q=2916 projectedPeak=0.00GiB availableForIndex=2.61GiB
[bucket-plan] decision=ADMIT
[bucket-plan] B=54 a=16 NY=3 K=2 Y=3360 Q=2916 projectedPeak=0.00GiB availableForIndex=2.61GiB
[bucket-plan] decision=ADMIT
[bucket-plan] B=54 a=16 NY=3 K=2 Y=3360 Q=2916 projectedPeak=0.00GiB availableForIndex=2.61GiB
[bucket-plan] decision=ADMIT
[bucket-plan] B=54 a=16 NY=3 K=2 Y=3360 Q=2916 projectedPeak=0.00GiB availableForIndex=2.61GiB
[bucket-plan] decision=ADMIT
[bucket-plan] B=54 a=16 NY=3 K=2 Y=3360 Q=2916 projectedPeak=0.00GiB availableForIndex=2.61GiB
[bucket-plan] decision=ADMIT
[bucket-plan] B=54 a=16 NY=3 K=2 Y=3360 Q=2916 projectedPeak=0.00GiB availableForIndex=2.61GiB
[bucket-plan] decision=ADMIT
[bucket-plan] B=54 a=16 NY=3 K=2 Y=3360 Q=2916 projectedPeak=0.00GiB availableForIndex=2.61GiB
[bucket-plan] decision=ADMIT
[bucket-plan] B=54 a=16 NY=3 K=2 Y=3360 Q=2916 projectedPeak=0.00GiB availableForIndex=2.61GiB
[bucket-plan] decision=ADMIT
[bucket-plan] B=54 a=16 NY=3 K=2 Y=3360 Q=2916 projectedPeak=0.00GiB availableForIndex=2.61GiB
[bucket-plan] decision=ADMIT
[bucket-plan] B=54 a=16 NY=3 K=2 Y=3360 Q=2916 projectedPeak=0.00GiB availableForIndex=2.61GiB
[bucket-plan] decision=ADMIT
[bucket-plan] B=54 a=16 NY=3 K=2 Y=3360 Q=2916 projectedPeak=0.00GiB availableForIndex=2.61GiB
[bucket-plan] decision=ADMIT
[bucket-plan] B=54 a=16 NY=3 K=2 Y=3360 Q=2916 projectedPeak=0.00GiB availableForIndex=2.61GiB
[bucket-plan] decision=ADMIT
[certauto]   predicted-vs-actual: family=peeled predLookups=1.344e+04 actualLookups=288288000 predScans=1.549e+04 actualScans=332164048 actualRoots=1372800 wall=31.878s
[certauto] base=54: FOUND with |D|=50 (dropped 3 digit(s)) family=peeled NX=1 NY=3 K=2 winningCandidate=22 wrongTurnsRefuted=2 survivors=1 (verified 1 OK / 0 FAILED) wall=31.878s peakRSS~8816KB [subsetsChecked=4134 subsetsScanned=4]
[certauto] base=54: maximum value (87 digits): 416421702506789485219242774659857217353557918404444857802303897493774263401184381733600
[certauto] base=54 STRONG CANDIDATE (direct-verified completion; NOT certified-maximal: 3 earlier-scanned subset(s) refuted only within the fixed 22-position window -- see RESULTS.md b50 audit)
[certauto] base=54 total autonomous-search wall=3495.493s
